[INFO] Scanning for projects...
[WARNING] 
[WARNING] Some problems were encountered while building the effective model for org.cilogon:admin:jar:5.5.1
[WARNING] 'dependencies.dependency.(groupId:artifactId:type:classifier)' must be unique: org.cilogon:loader:jar -> duplicate declaration of version 5.5.1 @ line 77, column 43
[WARNING] 
[WARNING] Some problems were encountered while building the effective model for org.cilogon:test:jar:5.5.1
[WARNING] 'dependencies.dependency.(groupId:artifactId:type:classifier)' must be unique: org.cilogon:loader:jar -> duplicate declaration of version 5.5.1 @ line 124, column 21
[WARNING] 
[WARNING] Some problems were encountered while building the effective model for org.cilogon:webapp:war:5.5.1
[WARNING] 'dependencies.dependency.(groupId:artifactId:type:classifier)' must be unique: org.cilogon:proxy:jar -> duplicate declaration of version 5.5.1 @ line 71, column 21
[WARNING] 
[WARNING] It is highly recommended to fix these problems because they threaten the stability of your build.
[WARNING] 
[WARNING] For this reason, future Maven versions might no longer support building such malformed projects.
[WARNING] 
[INFO] ------------------------------------------------------------------------
[INFO] Reactor Build Order:
[INFO] 
[INFO] Cilogon parent module                                              [pom]
[INFO] Cilogon loader                                                     [jar]
[INFO] Cilogon administrative tools                                       [jar]
[INFO] CILogon client                                                     [war]
[INFO] CILogon proxy support                                              [jar]
[INFO] CILogon QDL extensions                                             [jar]
[INFO] Cilogon server                                                     [war]
[INFO] Cilogon test suite                                                 [jar]
[INFO] Cilogon webapp                                                     [war]
[INFO] website                                                            [pom]
[INFO] skin                                                               [jar]
[INFO] 
[INFO] ------------------------< org.cilogon:cilogon >-------------------------
[INFO] Building Cilogon parent module 5.5.1                              [1/11]
[INFO]   from pom.xml
[INFO] --------------------------------[ pom ]---------------------------------
[INFO] 
[INFO] --- clean:3.2.0:clean (default-clean) @ cilogon ---
[INFO] 
[INFO] --- enforcer:1.2:enforce (enforce-maven) @ cilogon ---
[INFO] 
[INFO] --- install:3.1.0:install (default-install) @ cilogon ---
[INFO] Installing /home/ncsa/dev/ncsa-git/cilogon/pom.xml to /home/ncsa/.m2/repository/org/cilogon/cilogon/5.5.1/cilogon-5.5.1.pom
[INFO] 
[INFO] -------------------------< org.cilogon:loader >-------------------------
[INFO] Building Cilogon loader 5.5.1                                     [2/11]
[INFO]   from loader/pom.xml
[INFO] --------------------------------[ jar ]---------------------------------
[INFO] 
[INFO] --- clean:3.2.0:clean (default-clean) @ loader ---
[INFO] Deleting /home/ncsa/dev/ncsa-git/cilogon/loader/target
[INFO] 
[INFO] --- enforcer:1.2:enforce (enforce-maven) @ loader ---
[INFO] 
[INFO] --- resources:3.3.0:resources (default-resources) @ loader ---
[INFO] skip non existing resourceDirectory /home/ncsa/dev/ncsa-git/cilogon/loader/src/main/resources
[INFO] 
[INFO] --- compiler:3.10.1:compile (default-compile) @ loader ---
[INFO] Changes detected - recompiling the module!
[INFO] Compiling 145 source files to /home/ncsa/dev/ncsa-git/cilogon/loader/target/classes
[INFO] /home/ncsa/dev/ncsa-git/cilogon/loader/src/main/java/org/cilogon/oauth2/servlet/storage/twofactor/CILSQL2FStoreProvider.java: Some input files use unchecked or unsafe operations.
[INFO] /home/ncsa/dev/ncsa-git/cilogon/loader/src/main/java/org/cilogon/oauth2/servlet/storage/twofactor/CILSQL2FStoreProvider.java: Recompile with -Xlint:unchecked for details.
[INFO] 
[INFO] --- resources:3.3.0:testResources (default-testResources) @ loader ---
[INFO] skip non existing resourceDirectory /home/ncsa/dev/ncsa-git/cilogon/loader/src/test/resources
[INFO] 
[INFO] --- compiler:3.10.1:testCompile (default-testCompile) @ loader ---
[INFO] No sources to compile
[INFO] 
[INFO] --- surefire:3.0.0-M7:test (default-test) @ loader ---
[WARNING] Parameter 'localRepository' is deprecated core expression; Avoid use of ArtifactRepository type. If you need access to local repository, switch to '${repositorySystemSession}' expression and get LRM from it instead.
[INFO] No tests to run.
[INFO] 
[INFO] --- jar:3.3.0:jar (default-jar) @ loader ---
[INFO] Building jar: /home/ncsa/dev/ncsa-git/cilogon/loader/target/oauth2.jar
[INFO] 
[INFO] --- install:3.1.0:install (default-install) @ loader ---
[INFO] Installing /home/ncsa/dev/ncsa-git/cilogon/loader/pom.xml to /home/ncsa/.m2/repository/org/cilogon/loader/5.5.1/loader-5.5.1.pom
[INFO] Installing /home/ncsa/dev/ncsa-git/cilogon/loader/target/oauth2.jar to /home/ncsa/.m2/repository/org/cilogon/loader/5.5.1/loader-5.5.1.jar
[INFO] 
[INFO] -------------------------< org.cilogon:admin >--------------------------
[INFO] Building Cilogon administrative tools 5.5.1                       [3/11]
[INFO]   from admin/pom.xml
[INFO] --------------------------------[ jar ]---------------------------------
[INFO] 
[INFO] --- clean:3.2.0:clean (default-clean) @ admin ---
[INFO] Deleting /home/ncsa/dev/ncsa-git/cilogon/admin/target
[INFO] 
[INFO] --- enforcer:1.2:enforce (enforce-maven) @ admin ---
[INFO] 
[INFO] --- resources:3.3.0:resources (default-resources) @ admin ---
[INFO] Copying 8 resources
[INFO] 
[INFO] --- compiler:3.10.1:compile (default-compile) @ admin ---
[INFO] Changes detected - recompiling the module!
[INFO] Compiling 12 source files to /home/ncsa/dev/ncsa-git/cilogon/admin/target/classes
[INFO] /home/ncsa/dev/ncsa-git/cilogon/admin/src/main/java/org/cilogon/oauth2/admin/CILogonOA2Commands.java: /home/ncsa/dev/ncsa-git/cilogon/admin/src/main/java/org/cilogon/oauth2/admin/CILogonOA2Commands.java uses unchecked or unsafe operations.
[INFO] /home/ncsa/dev/ncsa-git/cilogon/admin/src/main/java/org/cilogon/oauth2/admin/CILogonOA2Commands.java: Recompile with -Xlint:unchecked for details.
[INFO] 
[INFO] --- resources:3.3.0:testResources (default-testResources) @ admin ---
[INFO] skip non existing resourceDirectory /home/ncsa/dev/ncsa-git/cilogon/admin/src/test/resources
[INFO] 
[INFO] --- compiler:3.10.1:testCompile (default-testCompile) @ admin ---
[INFO] No sources to compile
[INFO] 
[INFO] --- surefire:3.0.0-M7:test (default-test) @ admin ---
[WARNING] Parameter 'localRepository' is deprecated core expression; Avoid use of ArtifactRepository type. If you need access to local repository, switch to '${repositorySystemSession}' expression and get LRM from it instead.
[INFO] No tests to run.
[INFO] 
[INFO] --- jar:3.3.0:jar (default-jar) @ admin ---
[INFO] Building jar: /home/ncsa/dev/ncsa-git/cilogon/admin/target/admin-5.5.1.jar
[INFO] 
[INFO] --- install:3.1.0:install (default-install) @ admin ---
[INFO] Installing /home/ncsa/dev/ncsa-git/cilogon/admin/pom.xml to /home/ncsa/.m2/repository/org/cilogon/admin/5.5.1/admin-5.5.1.pom
[INFO] Installing /home/ncsa/dev/ncsa-git/cilogon/admin/target/admin-5.5.1.jar to /home/ncsa/.m2/repository/org/cilogon/admin/5.5.1/admin-5.5.1.jar
[INFO] 
[INFO] -------------------------< org.cilogon:client >-------------------------
[INFO] Building CILogon client 5.5.1                                     [4/11]
[INFO]   from client/pom.xml
[INFO] --------------------------------[ war ]---------------------------------
[INFO] 
[INFO] --- clean:3.2.0:clean (default-clean) @ client ---
[INFO] Deleting /home/ncsa/dev/ncsa-git/cilogon/client/target
[INFO] 
[INFO] --- enforcer:1.2:enforce (enforce-maven) @ client ---
[INFO] 
[INFO] --- resources:3.3.0:resources (default-resources) @ client ---
[INFO] skip non existing resourceDirectory /home/ncsa/dev/ncsa-git/cilogon/client/src/main/resources
[INFO] 
[INFO] --- compiler:3.10.1:compile (default-compile) @ client ---
[INFO] Changes detected - recompiling the module!
[INFO] Compiling 4 source files to /home/ncsa/dev/ncsa-git/cilogon/client/target/classes
[INFO] 
[INFO] --- resources:3.3.0:testResources (default-testResources) @ client ---
[INFO] skip non existing resourceDirectory /home/ncsa/dev/ncsa-git/cilogon/client/src/test/resources
[INFO] 
[INFO] --- compiler:3.10.1:testCompile (default-testCompile) @ client ---
[INFO] No sources to compile
[INFO] 
[INFO] --- surefire:3.0.0:test (default-test) @ client ---
[INFO] No tests to run.
[INFO] 
[INFO] --- war:3.3.2:war (default-war) @ client ---
[INFO] Packaging webapp
[INFO] Assembling webapp [client] in [/home/ncsa/dev/ncsa-git/cilogon/client/target/cilogon-oa2-client]
[INFO] Processing war project
[INFO] Copying webapp resources [/home/ncsa/dev/ncsa-git/cilogon/client/src/main/webapp]
[INFO] Processing overlay [ id edu.uiuc.ncsa.myproxy:client-oauth2]
[INFO] Building war: /home/ncsa/dev/ncsa-git/cilogon/client/target/cilogon-oa2-client.war
[INFO] 
[INFO] --- gpg:1.6:sign (sign-artifacts) @ client ---
[INFO] 
[INFO] --- install:3.1.0:install (default-install) @ client ---
[INFO] Installing /home/ncsa/dev/ncsa-git/cilogon/client/pom.xml to /home/ncsa/.m2/repository/org/cilogon/client/5.5.1/client-5.5.1.pom
[INFO] Installing /home/ncsa/dev/ncsa-git/cilogon/client/target/cilogon-oa2-client.war to /home/ncsa/.m2/repository/org/cilogon/client/5.5.1/client-5.5.1.war
[INFO] Installing /home/ncsa/dev/ncsa-git/cilogon/client/target/cilogon-oa2-client.war.asc to /home/ncsa/.m2/repository/org/cilogon/client/5.5.1/client-5.5.1.war.asc
[INFO] Installing /home/ncsa/dev/ncsa-git/cilogon/client/target/cilogon-oa2-client.pom.asc to /home/ncsa/.m2/repository/org/cilogon/client/5.5.1/client-5.5.1.pom.asc
[INFO] 
[INFO] -------------------------< org.cilogon:proxy >--------------------------
[INFO] Building CILogon proxy support 5.5.1                              [5/11]
[INFO]   from proxy/pom.xml
[INFO] --------------------------------[ jar ]---------------------------------
[INFO] 
[INFO] --- clean:3.2.0:clean (default-clean) @ proxy ---
[INFO] Deleting /home/ncsa/dev/ncsa-git/cilogon/proxy/target
[INFO] 
[INFO] --- enforcer:1.2:enforce (enforce-maven) @ proxy ---
[INFO] 
[INFO] --- resources:3.3.0:resources (default-resources) @ proxy ---
[INFO] skip non existing resourceDirectory /home/ncsa/dev/ncsa-git/cilogon/proxy/src/main/resources
[INFO] 
[INFO] --- compiler:3.10.1:compile (default-compile) @ proxy ---
[INFO] Changes detected - recompiling the module!
[INFO] Compiling 6 source files to /home/ncsa/dev/ncsa-git/cilogon/proxy/target/classes
[INFO] /home/ncsa/dev/ncsa-git/cilogon/proxy/src/main/java/org/cilogon/proxy/servlet/DBService2.java: /home/ncsa/dev/ncsa-git/cilogon/proxy/src/main/java/org/cilogon/proxy/servlet/DBService2.java uses unchecked or unsafe operations.
[INFO] /home/ncsa/dev/ncsa-git/cilogon/proxy/src/main/java/org/cilogon/proxy/servlet/DBService2.java: Recompile with -Xlint:unchecked for details.
[INFO] 
[INFO] --- resources:3.3.0:testResources (default-testResources) @ proxy ---
[INFO] skip non existing resourceDirectory /home/ncsa/dev/ncsa-git/cilogon/proxy/src/test/resources
[INFO] 
[INFO] --- compiler:3.10.1:testCompile (default-testCompile) @ proxy ---
[INFO] No sources to compile
[INFO] 
[INFO] --- surefire:3.0.0-M7:test (default-test) @ proxy ---
[WARNING] Parameter 'localRepository' is deprecated core expression; Avoid use of ArtifactRepository type. If you need access to local repository, switch to '${repositorySystemSession}' expression and get LRM from it instead.
[INFO] No tests to run.
[INFO] 
[INFO] --- jar:3.3.0:jar (default-jar) @ proxy ---
[INFO] Building jar: /home/ncsa/dev/ncsa-git/cilogon/proxy/target/proxy-5.5.1.jar
[INFO] 
[INFO] --- install:3.1.0:install (default-install) @ proxy ---
[INFO] Installing /home/ncsa/dev/ncsa-git/cilogon/proxy/pom.xml to /home/ncsa/.m2/repository/org/cilogon/proxy/5.5.1/proxy-5.5.1.pom
[INFO] Installing /home/ncsa/dev/ncsa-git/cilogon/proxy/target/proxy-5.5.1.jar to /home/ncsa/.m2/repository/org/cilogon/proxy/5.5.1/proxy-5.5.1.jar
[INFO] 
[INFO] --------------------------< org.cilogon:qdl >---------------------------
[INFO] Building CILogon QDL extensions 5.5.1                             [6/11]
[INFO]   from qdl/pom.xml
[INFO] --------------------------------[ jar ]---------------------------------
[INFO] 
[INFO] --- clean:3.2.0:clean (default-clean) @ qdl ---
[INFO] Deleting /home/ncsa/dev/ncsa-git/cilogon/qdl/target
[INFO] 
[INFO] --- enforcer:1.2:enforce (enforce-maven) @ qdl ---
[INFO] 
[INFO] --- buildnumber:1.3:create (default) @ qdl ---
[INFO] Storing buildNumber: Build: #1,377 (2024-05-10T16:04:31.035-05:00) at timestamp: 1715375071035
[INFO] Executing: /bin/sh -c cd /home/ncsa/dev/ncsa-git/cilogon/qdl && svn --non-interactive info
[INFO] Working directory: /home/ncsa/dev/ncsa-git/cilogon/qdl
[INFO] Storing buildScmBranch: UNKNOWN_BRANCH
[INFO] 
[INFO] --- resources:3.3.0:resources (default-resources) @ qdl ---
[INFO] Copying 0 resource
[INFO] 
[INFO] --- compiler:3.10.1:compile (default-compile) @ qdl ---
[INFO] Changes detected - recompiling the module!
[INFO] Compiling 10 source files to /home/ncsa/dev/ncsa-git/cilogon/qdl/target/classes
[INFO] /home/ncsa/dev/ncsa-git/cilogon/qdl/src/main/java/org/cilogon/qdl/module/storage/CILOA2TransactionStemMC.java: Some input files use unchecked or unsafe operations.
[INFO] /home/ncsa/dev/ncsa-git/cilogon/qdl/src/main/java/org/cilogon/qdl/module/storage/CILOA2TransactionStemMC.java: Recompile with -Xlint:unchecked for details.
[INFO] 
[INFO] --- resources:3.3.0:testResources (default-testResources) @ qdl ---
[INFO] skip non existing resourceDirectory /home/ncsa/dev/ncsa-git/cilogon/qdl/src/test/resources
[INFO] 
[INFO] --- compiler:3.10.1:testCompile (default-testCompile) @ qdl ---
[INFO] Changes detected - recompiling the module!
[INFO] 
[INFO] --- surefire:3.0.0:test (default-test) @ qdl ---
[INFO] 
[INFO] --- jar:3.3.0:jar (default-jar) @ qdl ---
[INFO] Building jar: /home/ncsa/dev/ncsa-git/cilogon/qdl/target/cil-qdl.jar
[INFO] 
[INFO] --- install:3.1.0:install (default-install) @ qdl ---
[INFO] Installing /home/ncsa/dev/ncsa-git/cilogon/qdl/pom.xml to /home/ncsa/.m2/repository/org/cilogon/qdl/5.5.1/qdl-5.5.1.pom
[INFO] Installing /home/ncsa/dev/ncsa-git/cilogon/qdl/target/cil-qdl.jar to /home/ncsa/.m2/repository/org/cilogon/qdl/5.5.1/qdl-5.5.1.jar
[INFO] 
[INFO] -------------------------< org.cilogon:server >-------------------------
[INFO] Building Cilogon server 5.5.1                                     [7/11]
[INFO]   from server/pom.xml
[INFO] --------------------------------[ war ]---------------------------------
[INFO] 
[INFO] --- clean:3.2.0:clean (default-clean) @ server ---
[INFO] Deleting /home/ncsa/dev/ncsa-git/cilogon/server/target
[INFO] 
[INFO] --- enforcer:1.2:enforce (enforce-maven) @ server ---
[INFO] 
[INFO] --- buildnumber:1.0:create (default) @ server ---
[INFO] Storing buildNumber: Build: #2,805 (2024-05-10T16:04:31.518-05:00) at timestamp: 1715375071518
[INFO] Executing: /bin/sh -c cd /home/ncsa/dev/ncsa-git/cilogon/server && svn --non-interactive info
[INFO] Working directory: /home/ncsa/dev/ncsa-git/cilogon/server
[INFO] Storing buildScmBranch: UNKNOWN_BRANCH
[INFO] 
[INFO] --- resources:3.3.0:resources (default-resources) @ server ---
[INFO] Copying 2 resources
[INFO] 
[INFO] --- compiler:3.10.1:compile (default-compile) @ server ---
[INFO] Changes detected - recompiling the module!
[INFO] 
[INFO] --- resources:3.3.0:testResources (default-testResources) @ server ---
[INFO] skip non existing resourceDirectory /home/ncsa/dev/ncsa-git/cilogon/server/src/test/resources
[INFO] 
[INFO] --- compiler:3.10.1:testCompile (default-testCompile) @ server ---
[INFO] Changes detected - recompiling the module!
[INFO] 
[INFO] --- surefire:3.0.0-M7:test (default-test) @ server ---
[WARNING] Parameter 'localRepository' is deprecated core expression; Avoid use of ArtifactRepository type. If you need access to local repository, switch to '${repositorySystemSession}' expression and get LRM from it instead.
[INFO] 
[INFO] --- war:3.3.2:war (default-war) @ server ---
[INFO] Packaging webapp
[INFO] Assembling webapp [server] in [/home/ncsa/dev/ncsa-git/cilogon/server/target/oauth2]
[INFO] Processing war project
[INFO] Copying webapp resources [/home/ncsa/dev/ncsa-git/cilogon/server/src/main/webapp]
[INFO] Processing overlay [ id edu.uiuc.ncsa.myproxy:oa4mp-webapp]
[INFO] Processing overlay [ id edu.uiuc.ncsa.myproxy:oa4mp-server-oauth2]
[INFO] Building war: /home/ncsa/dev/ncsa-git/cilogon/server/target/oauth2.war
[INFO] 
[INFO] --- war:3.3.2:war (default) @ server ---
[INFO] Packaging webapp
[INFO] Assembling webapp [server] in [/home/ncsa/dev/ncsa-git/cilogon/server/target/oauth2]
[INFO] Processing war project
[INFO] Copying webapp resources [/home/ncsa/dev/ncsa-git/cilogon/server/src/main/webapp]
[INFO] deleting outdated resource WEB-INF/lib/commons-logging-1.1.1.jar
[INFO] deleting outdated resource WEB-INF/lib/mariadb-java-client-3.0.8.jar
[INFO] deleting outdated resource WEB-INF/lib/postgresql-42.4.3.jar
[INFO] deleting outdated resource WEB-INF/lib/protobuf-java-3.19.4.jar
[INFO] deleting outdated resource WEB-INF/lib/sas-1.5.5.jar
[INFO] deleting outdated resource WEB-INF/lib/checker-qual-3.5.0.jar
[INFO] deleting outdated resource WEB-INF/lib/servlet-api-2.5.jar
[INFO] deleting outdated resource WEB-INF/lib/slf4j-api-1.7.30.jar
[INFO] deleting outdated resource WEB-INF/lib/mysql-connector-java-8.0.30.jar
[INFO] Processing overlay [ id edu.uiuc.ncsa.myproxy:oa4mp-webapp]
[INFO] Processing overlay [ id edu.uiuc.ncsa.myproxy:oa4mp-server-oauth2]
[INFO] Building war: /home/ncsa/dev/ncsa-git/cilogon/server/target/oauth2.war
[INFO] 
[INFO] --- gpg:1.6:sign (sign-artifacts) @ server ---
[INFO] 
[INFO] --- install:3.1.0:install (default-install) @ server ---
[INFO] Installing /home/ncsa/dev/ncsa-git/cilogon/server/pom.xml to /home/ncsa/.m2/repository/org/cilogon/server/5.5.1/server-5.5.1.pom
[INFO] Installing /home/ncsa/dev/ncsa-git/cilogon/server/target/oauth2.war to /home/ncsa/.m2/repository/org/cilogon/server/5.5.1/server-5.5.1.war
[INFO] Installing /home/ncsa/dev/ncsa-git/cilogon/server/target/oauth2.war.asc to /home/ncsa/.m2/repository/org/cilogon/server/5.5.1/server-5.5.1.war.asc
[INFO] Installing /home/ncsa/dev/ncsa-git/cilogon/server/target/oauth2.pom.asc to /home/ncsa/.m2/repository/org/cilogon/server/5.5.1/server-5.5.1.pom.asc
[INFO] 
[INFO] --------------------------< org.cilogon:test >--------------------------
[INFO] Building Cilogon test suite 5.5.1                                 [8/11]
[INFO]   from test/pom.xml
[INFO] --------------------------------[ jar ]---------------------------------
[INFO] 
[INFO] --- clean:3.2.0:clean (default-clean) @ test ---
[INFO] Deleting /home/ncsa/dev/ncsa-git/cilogon/test/target
[INFO] 
[INFO] --- enforcer:1.2:enforce (enforce-maven) @ test ---
[INFO] 
[INFO] --- buildnumber:1.0:create (default) @ test ---
[INFO] Storing buildNumber: Build: #2,697 (2024-05-10T16:04:35.512-05:00) at timestamp: 1715375075512
[INFO] Executing: /bin/sh -c cd /home/ncsa/dev/ncsa-git/cilogon/test && svn --non-interactive info
[INFO] Working directory: /home/ncsa/dev/ncsa-git/cilogon/test
[INFO] Storing buildScmBranch: UNKNOWN_BRANCH
[INFO] 
[INFO] --- resources:3.3.0:resources (default-resources) @ test ---
[INFO] skip non existing resourceDirectory /home/ncsa/dev/ncsa-git/cilogon/test/src/main/resources
[INFO] 
[INFO] --- compiler:3.10.1:compile (default-compile) @ test ---
[INFO] No sources to compile
[INFO] 
[INFO] --- resources:3.3.0:testResources (default-testResources) @ test ---
[INFO] skip non existing resourceDirectory /home/ncsa/dev/ncsa-git/cilogon/test/src/test/resources
[INFO] 
[INFO] --- compiler:3.10.1:testCompile (default-testCompile) @ test ---
[INFO] Changes detected - recompiling the module!
[INFO] Compiling 20 source files to /home/ncsa/dev/ncsa-git/cilogon/test/target/test-classes
[INFO] /home/ncsa/dev/ncsa-git/cilogon/test/src/test/java/test/cilogon/DBServiceUserIDTests.java: Some input files use unchecked or unsafe operations.
[INFO] /home/ncsa/dev/ncsa-git/cilogon/test/src/test/java/test/cilogon/DBServiceUserIDTests.java: Recompile with -Xlint:unchecked for details.
[INFO] 
[INFO] --- surefire:3.0.0-M7:test (default-test) @ test ---
[WARNING] Parameter 'localRepository' is deprecated core expression; Avoid use of ArtifactRepository type. If you need access to local repository, switch to '${repositorySystemSession}' expression and get LRM from it instead.
[INFO] Tests are skipped.
[INFO] 
[INFO] --- jar:3.3.0:jar (default-jar) @ test ---
[WARNING] JAR will be empty - no content was marked for inclusion!
[INFO] Building jar: /home/ncsa/dev/ncsa-git/cilogon/test/target/oauth2.jar
[INFO] 
[INFO] --- install:3.1.0:install (default-install) @ test ---
[INFO] Installing /home/ncsa/dev/ncsa-git/cilogon/test/pom.xml to /home/ncsa/.m2/repository/org/cilogon/test/5.5.1/test-5.5.1.pom
[INFO] Installing /home/ncsa/dev/ncsa-git/cilogon/test/target/oauth2.jar to /home/ncsa/.m2/repository/org/cilogon/test/5.5.1/test-5.5.1.jar
[INFO] 
[INFO] -------------------------< org.cilogon:webapp >-------------------------
[INFO] Building Cilogon webapp 5.5.1                                     [9/11]
[INFO]   from webapp/pom.xml
[INFO] --------------------------------[ war ]---------------------------------
[INFO] 
[INFO] --- clean:3.2.0:clean (default-clean) @ webapp ---
[INFO] Deleting /home/ncsa/dev/ncsa-git/cilogon/webapp/target
[INFO] 
[INFO] --- enforcer:1.2:enforce (enforce-maven) @ webapp ---
[INFO] 
[INFO] --- resources:3.3.0:resources (default-resources) @ webapp ---
[INFO] Copying 2 resources
[INFO] 
[INFO] --- compiler:3.10.1:compile (default-compile) @ webapp ---
[INFO] No sources to compile
[INFO] 
[INFO] --- resources:3.3.0:testResources (default-testResources) @ webapp ---
[INFO] skip non existing resourceDirectory /home/ncsa/dev/ncsa-git/cilogon/webapp/src/test/resources
[INFO] 
[INFO] --- compiler:3.10.1:testCompile (default-testCompile) @ webapp ---
[INFO] No sources to compile
[INFO] 
[INFO] --- surefire:3.0.0-M7:test (default-test) @ webapp ---
[WARNING] Parameter 'localRepository' is deprecated core expression; Avoid use of ArtifactRepository type. If you need access to local repository, switch to '${repositorySystemSession}' expression and get LRM from it instead.
[INFO] No tests to run.
[INFO] 
[INFO] --- war:3.3.2:war (default-war) @ webapp ---
[INFO] Packaging webapp
[INFO] Assembling webapp [webapp] in [/home/ncsa/dev/ncsa-git/cilogon/webapp/target/oauth2]
[INFO] Processing war project
[INFO] Copying webapp resources [/home/ncsa/dev/ncsa-git/cilogon/webapp/src/main/webapp]
[INFO] Processing overlay [ id edu.uiuc.ncsa.myproxy:oa4mp-webapp]
[INFO] Processing overlay [ id edu.uiuc.ncsa.myproxy:oa4mp-server-oauth2]
[INFO] Building war: /home/ncsa/dev/ncsa-git/cilogon/webapp/target/oauth2.war
[INFO] 
[INFO] --- install:3.1.0:install (default-install) @ webapp ---
[INFO] Installing /home/ncsa/dev/ncsa-git/cilogon/webapp/pom.xml to /home/ncsa/.m2/repository/org/cilogon/webapp/5.5.1/webapp-5.5.1.pom
[INFO] Installing /home/ncsa/dev/ncsa-git/cilogon/webapp/target/oauth2.war to /home/ncsa/.m2/repository/org/cilogon/webapp/5.5.1/webapp-5.5.1.war
[INFO] 
[INFO] ------------------------< org.cilogon:website >-------------------------
[INFO] Building website 5.5.1                                           [10/11]
[INFO]   from website/pom.xml
[INFO] --------------------------------[ pom ]---------------------------------
[INFO] 
[INFO] --- clean:3.2.0:clean (default-clean) @ website ---
[INFO] 
[INFO] --- enforcer:1.2:enforce (enforce-maven) @ website ---
[INFO] 
[INFO] --- install:3.1.0:install (default-install) @ website ---
[INFO] Installing /home/ncsa/dev/ncsa-git/cilogon/website/pom.xml to /home/ncsa/.m2/repository/org/cilogon/website/5.5.1/website-5.5.1.pom
[INFO] 
[INFO] -----------------------< org.cilogon.skin:skin >------------------------
[INFO] Building skin 5.5.1                                              [11/11]
[INFO]   from skin/pom.xml
[INFO] --------------------------------[ jar ]---------------------------------
[INFO] 
[INFO] --- clean:3.1.0:clean (default-clean) @ skin ---
[INFO] Deleting /home/ncsa/dev/ncsa-git/cilogon/skin/target
[INFO] 
[INFO] --- enforcer:1.2:enforce (enforce-maven) @ skin ---
[INFO] 
[INFO] --- resources:3.0.2:resources (default-resources) @ skin ---
[INFO] Using 'UTF-8' encoding to copy filtered resources.
[INFO] Copying 18 resources
[INFO] 
[INFO] --- compiler:3.8.0:compile (default-compile) @ skin ---
[INFO] No sources to compile
[INFO] 
[INFO] --- resources:3.0.2:testResources (default-testResources) @ skin ---
[INFO] Using 'UTF-8' encoding to copy filtered resources.
[INFO] skip non existing resourceDirectory /home/ncsa/dev/ncsa-git/cilogon/skin/src/test/resources
[INFO] 
[INFO] --- compiler:3.8.0:testCompile (default-testCompile) @ skin ---
[INFO] No sources to compile
[INFO] 
[INFO] --- surefire:2.22.1:test (default-test) @ skin ---
[WARNING] Parameter 'localRepository' is deprecated core expression; Avoid use of ArtifactRepository type. If you need access to local repository, switch to '${repositorySystemSession}' expression and get LRM from it instead.
[INFO] No tests to run.
[INFO] 
[INFO] --- jar:3.0.2:jar (default-jar) @ skin ---
[INFO] Building jar: /home/ncsa/dev/ncsa-git/cilogon/skin/target/skin-5.5.1.jar
[INFO] 
[INFO] --- install:2.5.2:install (default-install) @ skin ---
[INFO] Installing /home/ncsa/dev/ncsa-git/cilogon/skin/target/skin-5.5.1.jar to /home/ncsa/.m2/repository/org/cilogon/skin/skin/5.5.1/skin-5.5.1.jar
[INFO] Installing /home/ncsa/dev/ncsa-git/cilogon/skin/pom.xml to /home/ncsa/.m2/repository/org/cilogon/skin/skin/5.5.1/skin-5.5.1.pom
[INFO] ------------------------------------------------------------------------
[INFO] Reactor Summary for Cilogon parent module 5.5.1:
[INFO] 
[INFO] Cilogon parent module .............................. SUCCESS [  0.712 s]
[INFO] Cilogon loader ..................................... SUCCESS [  4.473 s]
[INFO] Cilogon administrative tools ....................... SUCCESS [  0.530 s]
[INFO] CILogon client ..................................... SUCCESS [  3.181 s]
[INFO] CILogon proxy support .............................. SUCCESS [  0.546 s]
[INFO] CILogon QDL extensions ............................. SUCCESS [  0.539 s]
[INFO] Cilogon server ..................................... SUCCESS [  4.125 s]
[INFO] Cilogon test suite ................................. SUCCESS [  0.562 s]
[INFO] Cilogon webapp ..................................... SUCCESS [  1.750 s]
[INFO] website ............................................ SUCCESS [  0.012 s]
[INFO] skin ............................................... SUCCESS [  0.600 s]
[INFO] ------------------------------------------------------------------------
[INFO] BUILD SUCCESS
[INFO] ------------------------------------------------------------------------
[INFO] Total time:  17.263 s
[INFO] Finished at: 2024-05-10T16:04:38-05:00
[INFO] ------------------------------------------------------------------------
